SCA Output: banaʔ
SCA Output: bin
SCA Output: bes
SCA Output: bus
SCA Output: dfin
SCA Output: dnir
SCA Output: daʔr
SCA Output: sim
SCA Output: daw
SCA Output: uŋu
SCA Output: dob
SCA Output: gin
SCA Output: gis res
SCA Output: fas
SCA Output: far
SCA Output: fwas fwes
SCA Output: fwes
SCA Output: feʔ
SCA Output: flal
SCA Output: an
SCA Output: igiʔ
SCA Output: agi egi
SCA Output: inab
SCA Output: inir
SCA Output: wnus
SCA Output: isaʔ
SCA Output: g
SCA Output: oŋoŋ
SCA Output: aŋaŋ aŋeŋ eŋaŋ eŋeŋ
SCA Output: aʔ
SCA Output: isip
SCA Output: kniŋ
SCA Output: fon
SCA Output: kbuy
SCA Output: niʔr
SCA Output: yeg
SCA Output: knan
SCA Output: kun
SCA Output: ub
SCA Output: inir
SCA Output: saʔm
SCA Output: imay
SCA Output: u iw
SCA Output: nampan
SCA Output: niʔr
SCA Output: kbuy
SCA Output: mbas
SCA Output: nyar
SCA Output: leŋ
SCA Output: lbuʔ
SCA Output: lis les
SCA Output: lir
SCA Output: nis
SCA Output: ndo
SCA Output: ndo
SCA Output: moʔ
SCA Output: msiŋ
SCA Output: may
SCA Output: mbas
SCA Output: yeg
SCA Output: niʔr
SCA Output: mŋun
SCA Output: naŋ
SCA Output: nwun
SCA Output: ndiʔs
SCA Output: ndir
SCA Output: ndyam
SCA Output: eŋgey
SCA Output: aŋnap eŋnep
SCA Output: oŋod
SCA Output: eŋed
SCA Output: uŋu
SCA Output: daw
SCA Output: pan
SCA Output: pes
SCA Output: pes
SCA Output: fa fe
SCA Output: feŋ
SCA Output: fgis
SCA Output: aŋgar
SCA Output: fon
SCA Output: kniŋ
SCA Output: fum
SCA Output: abaw abew
SCA Output: aŋ
SCA Output: asan
SCA Output: asan
SCA Output: nir
SCA Output: naʔm
SCA Output: nam
SCA Output: aŋgar
SCA Output: an at
SCA Output: on
SCA Output: aŋas eŋes
SCA Output: fa
SCA Output: fay
SCA Output: ta
SCA Output: es
SCA Output: is in
SCA Output: tim
SCA Output: muk
SCA Output: mum
SCA Output: um
SCA Output: sal sel
SCA Output: sfil
SCA Output: skun
SCA Output: san
SCA Output: saʔm
SCA Output: inir
SCA Output: say
SCA Output: suf
SCA Output: sa
SCA Output: sa se
SCA Output: sa se
SCA Output: sef
SCA Output: si
SCA Output: sim
SCA Output: daʔr
SCA Output: siw sew
SCA Output: siw
SCA Output: tsa tse
SCA Output: tab
SCA Output: tob
SCA Output: tno
SCA Output: tam
SCA Output: ten
SCA Output: tam tem
SCA Output: tuʔf
SCA Output: naf nef
SCA Output: tuŋ tus
SCA Output: tif
SCA Output: taʔ
SCA Output: tasa tase tesa tese
SCA Output: tes
SCA Output: wal
SCA Output: wel
SCA Output: wno
SCA Output: waʔ
SCA Output: ma
SCA Output: wyu
SCA Output: wraŋ wreŋ
SCA Output: wgi
SCA Output: wnus
SCA Output: inir
SCA Output: winas wines
SCA Output: wis
SCA Output: yaʔ
SCA Output: ye
SCA Output: ye
SCA Output: ygar
SCA Output: yaʔ
SCA Output: ni
SCA Output: yeg
SCA Output: mbas
SCA Output: ysa
SCA Output: ysay ysey
SCA Output: 
SCA Output: [syllabification stress test]
SCA Output: waroru wseroru waroru wŋororu wneroru
SCA Output: maroru maseroru maaroru maŋororu mamororu
SCA Output: 
SCA Output: [word/clitic boundary tests]
SCA Output: siwdfin rdfin rwarfin sewdfin serfin 
SCA Output: tdfin tarfin ŋdfin aŋarfin
SCA Output: 
SCA Output: siwfwes sfwes rwafwes sewfwes sefwes 
SCA Output: tfwes tafwes ŋfwes aŋafwes
SCA Output: 
SCA Output: siwkniŋ skniŋ rwakniŋ sewkniŋ sekniŋ 
SCA Output: tkniŋ takniŋ ŋkniŋ aŋakniŋ
SCA Output: 
SCA Output: siwsaʔm ssaʔm rwasaʔm sewsaʔm sesaʔm 
SCA Output: tsaʔm tasaʔm aŋsaʔm aŋasaʔm
SCA Output: 
SCA Output: siwsnobanaʔ ssnobanaʔ rwasnobanaʔ sewsnobanaʔ sesnobanaʔ 
SCA Output: tnobanaʔ tasnobanaʔ ŋsnobanaʔ aŋasnobanaʔ
